// Jest Snapshot v1, https://goo.gl/fbAQLP

exports[`SideBar component matchs snapshoot 1`] = `
{
  "asFragment": [Function],
  "baseElement": <body
    class="chakra-ui-light"
  >
    <div>
      <aside
        class="css-xyj4jj"
      >
        <h1
          class="chakra-heading css-2hgecz"
        >
          <a
            class="chakra-link css-1s4iytr"
            href="/"
          >
            <svg
              class="chakra-icon css-zagjba"
              focusable="false"
              viewBox="0 0 24 24"
            >
              <g
                stroke="currentColor"
                stroke-width="1.5"
              >
                <path
                  d="M9,9a3,3,0,1,1,4,2.829,1.5,1.5,0,0,0-1,1.415V14.25"
                  fill="none"
                  stroke-linecap="round"
                />
                <path
                  d="M12,17.25a.375.375,0,1,0,.375.375A.375.375,0,0,0,12,17.25h0"
                  fill="currentColor"
                  stroke-linecap="round"
                />
                <circle
                  cx="12"
                  cy="12"
                  fill="none"
                  r="11.25"
                  stroke-miterlimit="10"
                />
              </g>
            </svg>
            <p
              class="chakra-text css-1d9p61o"
            >
              Project M.
            </p>
          </a>
        </h1>
        <div
          class="css-1j2qcn8"
        >
          <div
            class="css-vr1tbx"
          >
            <svg
              class="chakra-icon css-il4tuo"
              focusable="false"
              viewBox="0 0 24 24"
            >
              <g
                stroke="currentColor"
                stroke-width="1.5"
              >
                <path
                  d="M9,9a3,3,0,1,1,4,2.829,1.5,1.5,0,0,0-1,1.415V14.25"
                  fill="none"
                  stroke-linecap="round"
                />
                <path
                  d="M12,17.25a.375.375,0,1,0,.375.375A.375.375,0,0,0,12,17.25h0"
                  fill="currentColor"
                  stroke-linecap="round"
                />
                <circle
                  cx="12"
                  cy="12"
                  fill="none"
                  r="11.25"
                  stroke-miterlimit="10"
                />
              </g>
            </svg>
            <p
              class="chakra-text css-80mmfj"
            >
              Tasks
            </p>
          </div>
          <nav
            class="chakra-stack css-152y5d4"
          >
            <p
              class="chakra-text css-199zi8f"
            >
              my projects
            </p>
            <a
              class="chakra-link css-1j5kdpb"
              href="/"
            >
              <svg
                class="chakra-icon css-2xlth4"
                focusable="false"
                viewBox="0 0 24 24"
              >
                <g
                  stroke="currentColor"
                  stroke-width="1.5"
                >
                  <path
                    d="M9,9a3,3,0,1,1,4,2.829,1.5,1.5,0,0,0-1,1.415V14.25"
                    fill="none"
                    stroke-linecap="round"
                  />
                  <path
                    d="M12,17.25a.375.375,0,1,0,.375.375A.375.375,0,0,0,12,17.25h0"
                    fill="currentColor"
                    stroke-linecap="round"
                  />
                  <circle
                    cx="12"
                    cy="12"
                    fill="none"
                    r="11.25"
                    stroke-miterlimit="10"
                  />
                </g>
              </svg>
              <p
                class="chakra-text css-1qf6mdr"
              >
                Mobile App
              </p>
            </a>
            <a
              class="chakra-link css-1j5kdpb"
              href="/pro01"
            >
              <svg
                class="chakra-icon css-5haebz"
                focusable="false"
                viewBox="0 0 24 24"
              >
                <g
                  stroke="currentColor"
                  stroke-width="1.5"
                >
                  <path
                    d="M9,9a3,3,0,1,1,4,2.829,1.5,1.5,0,0,0-1,1.415V14.25"
                    fill="none"
                    stroke-linecap="round"
                  />
                  <path
                    d="M12,17.25a.375.375,0,1,0,.375.375A.375.375,0,0,0,12,17.25h0"
                    fill="currentColor"
                    stroke-linecap="round"
                  />
                  <circle
                    cx="12"
                    cy="12"
                    fill="none"
                    r="11.25"
                    stroke-miterlimit="10"
                  />
                </g>
              </svg>
              <p
                class="chakra-text css-1qf6mdr"
              >
                Website Redesign
              </p>
            </a>
            <a
              class="chakra-link css-1j5kdpb"
              href="/pro02"
            >
              <svg
                class="chakra-icon css-130uht9"
                focusable="false"
                viewBox="0 0 24 24"
              >
                <g
                  stroke="currentColor"
                  stroke-width="1.5"
                >
                  <path
                    d="M9,9a3,3,0,1,1,4,2.829,1.5,1.5,0,0,0-1,1.415V14.25"
                    fill="none"
                    stroke-linecap="round"
                  />
                  <path
                    d="M12,17.25a.375.375,0,1,0,.375.375A.375.375,0,0,0,12,17.25h0"
                    fill="currentColor"
                    stroke-linecap="round"
                  />
                  <circle
                    cx="12"
                    cy="12"
                    fill="none"
                    r="11.25"
                    stroke-miterlimit="10"
                  />
                </g>
              </svg>
              <p
                class="chakra-text css-1qf6mdr"
              >
                Design System
              </p>
            </a>
            <a
              class="chakra-link css-1j5kdpb"
              href="/pro03"
            >
              <svg
                class="chakra-icon css-1k2s7qz"
                focusable="false"
                viewBox="0 0 24 24"
              >
                <g
                  stroke="currentColor"
                  stroke-width="1.5"
                >
                  <path
                    d="M9,9a3,3,0,1,1,4,2.829,1.5,1.5,0,0,0-1,1.415V14.25"
                    fill="none"
                    stroke-linecap="round"
                  />
                  <path
                    d="M12,17.25a.375.375,0,1,0,.375.375A.375.375,0,0,0,12,17.25h0"
                    fill="currentColor"
                    stroke-linecap="round"
                  />
                  <circle
                    cx="12"
                    cy="12"
                    fill="none"
                    r="11.25"
                    stroke-miterlimit="10"
                  />
                </g>
              </svg>
              <p
                class="chakra-text css-1qf6mdr"
              >
                Wireframes
              </p>
            </a>
          </nav>
        </div>
      </aside>
      <span
        hidden=""
        id="__chakra_env"
      />
    </div>
    <div
      class="chakra-portal"
    >
      <div
        aria-label="Notifications-top"
        aria-live="polite"
        id="chakra-toast-manager-top"
        role="region"
        style="position: fixed; z-index: var(--toast-z-index, 5500); pointer-events: none; display: flex; flex-direction: column; margin: 0px auto;"
      />
      <div
        aria-label="Notifications-top-left"
        aria-live="polite"
        id="chakra-toast-manager-top-left"
        role="region"
        style="position: fixed; z-index: var(--toast-z-index, 5500); pointer-events: none; display: flex; flex-direction: column;"
      />
      <div
        aria-label="Notifications-top-right"
        aria-live="polite"
        id="chakra-toast-manager-top-right"
        role="region"
        style="position: fixed; z-index: var(--toast-z-index, 5500); pointer-events: none; display: flex; flex-direction: column;"
      />
      <div
        aria-label="Notifications-bottom-left"
        aria-live="polite"
        id="chakra-toast-manager-bottom-left"
        role="region"
        style="position: fixed; z-index: var(--toast-z-index, 5500); pointer-events: none; display: flex; flex-direction: column;"
      />
      <div
        aria-label="Notifications-bottom"
        aria-live="polite"
        id="chakra-toast-manager-bottom"
        role="region"
        style="position: fixed; z-index: var(--toast-z-index, 5500); pointer-events: none; display: flex; flex-direction: column; margin: 0px auto;"
      />
      <div
        aria-label="Notifications-bottom-right"
        aria-live="polite"
        id="chakra-toast-manager-bottom-right"
        role="region"
        style="position: fixed; z-index: var(--toast-z-index, 5500); pointer-events: none; display: flex; flex-direction: column;"
      />
    </div>
  </body>,
  "container": <div>
    <aside
      class="css-xyj4jj"
    >
      <h1
        class="chakra-heading css-2hgecz"
      >
        <a
          class="chakra-link css-1s4iytr"
          href="/"
        >
          <svg
            class="chakra-icon css-zagjba"
            focusable="false"
            viewBox="0 0 24 24"
          >
            <g
              stroke="currentColor"
              stroke-width="1.5"
            >
              <path
                d="M9,9a3,3,0,1,1,4,2.829,1.5,1.5,0,0,0-1,1.415V14.25"
                fill="none"
                stroke-linecap="round"
              />
              <path
                d="M12,17.25a.375.375,0,1,0,.375.375A.375.375,0,0,0,12,17.25h0"
                fill="currentColor"
                stroke-linecap="round"
              />
              <circle
                cx="12"
                cy="12"
                fill="none"
                r="11.25"
                stroke-miterlimit="10"
              />
            </g>
          </svg>
          <p
            class="chakra-text css-1d9p61o"
          >
            Project M.
          </p>
        </a>
      </h1>
      <div
        class="css-1j2qcn8"
      >
        <div
          class="css-vr1tbx"
        >
          <svg
            class="chakra-icon css-il4tuo"
            focusable="false"
            viewBox="0 0 24 24"
          >
            <g
              stroke="currentColor"
              stroke-width="1.5"
            >
              <path
                d="M9,9a3,3,0,1,1,4,2.829,1.5,1.5,0,0,0-1,1.415V14.25"
                fill="none"
                stroke-linecap="round"
              />
              <path
                d="M12,17.25a.375.375,0,1,0,.375.375A.375.375,0,0,0,12,17.25h0"
                fill="currentColor"
                stroke-linecap="round"
              />
              <circle
                cx="12"
                cy="12"
                fill="none"
                r="11.25"
                stroke-miterlimit="10"
              />
            </g>
          </svg>
          <p
            class="chakra-text css-80mmfj"
          >
            Tasks
          </p>
        </div>
        <nav
          class="chakra-stack css-152y5d4"
        >
          <p
            class="chakra-text css-199zi8f"
          >
            my projects
          </p>
          <a
            class="chakra-link css-1j5kdpb"
            href="/"
          >
            <svg
              class="chakra-icon css-2xlth4"
              focusable="false"
              viewBox="0 0 24 24"
            >
              <g
                stroke="currentColor"
                stroke-width="1.5"
              >
                <path
                  d="M9,9a3,3,0,1,1,4,2.829,1.5,1.5,0,0,0-1,1.415V14.25"
                  fill="none"
                  stroke-linecap="round"
                />
                <path
                  d="M12,17.25a.375.375,0,1,0,.375.375A.375.375,0,0,0,12,17.25h0"
                  fill="currentColor"
                  stroke-linecap="round"
                />
                <circle
                  cx="12"
                  cy="12"
                  fill="none"
                  r="11.25"
                  stroke-miterlimit="10"
                />
              </g>
            </svg>
            <p
              class="chakra-text css-1qf6mdr"
            >
              Mobile App
            </p>
          </a>
          <a
            class="chakra-link css-1j5kdpb"
            href="/pro01"
          >
            <svg
              class="chakra-icon css-5haebz"
              focusable="false"
              viewBox="0 0 24 24"
            >
              <g
                stroke="currentColor"
                stroke-width="1.5"
              >
                <path
                  d="M9,9a3,3,0,1,1,4,2.829,1.5,1.5,0,0,0-1,1.415V14.25"
                  fill="none"
                  stroke-linecap="round"
                />
                <path
                  d="M12,17.25a.375.375,0,1,0,.375.375A.375.375,0,0,0,12,17.25h0"
                  fill="currentColor"
                  stroke-linecap="round"
                />
                <circle
                  cx="12"
                  cy="12"
                  fill="none"
                  r="11.25"
                  stroke-miterlimit="10"
                />
              </g>
            </svg>
            <p
              class="chakra-text css-1qf6mdr"
            >
              Website Redesign
            </p>
          </a>
          <a
            class="chakra-link css-1j5kdpb"
            href="/pro02"
          >
            <svg
              class="chakra-icon css-130uht9"
              focusable="false"
              viewBox="0 0 24 24"
            >
              <g
                stroke="currentColor"
                stroke-width="1.5"
              >
                <path
                  d="M9,9a3,3,0,1,1,4,2.829,1.5,1.5,0,0,0-1,1.415V14.25"
                  fill="none"
                  stroke-linecap="round"
                />
                <path
                  d="M12,17.25a.375.375,0,1,0,.375.375A.375.375,0,0,0,12,17.25h0"
                  fill="currentColor"
                  stroke-linecap="round"
                />
                <circle
                  cx="12"
                  cy="12"
                  fill="none"
                  r="11.25"
                  stroke-miterlimit="10"
                />
              </g>
            </svg>
            <p
              class="chakra-text css-1qf6mdr"
            >
              Design System
            </p>
          </a>
          <a
            class="chakra-link css-1j5kdpb"
            href="/pro03"
          >
            <svg
              class="chakra-icon css-1k2s7qz"
              focusable="false"
              viewBox="0 0 24 24"
            >
              <g
                stroke="currentColor"
                stroke-width="1.5"
              >
                <path
                  d="M9,9a3,3,0,1,1,4,2.829,1.5,1.5,0,0,0-1,1.415V14.25"
                  fill="none"
                  stroke-linecap="round"
                />
                <path
                  d="M12,17.25a.375.375,0,1,0,.375.375A.375.375,0,0,0,12,17.25h0"
                  fill="currentColor"
                  stroke-linecap="round"
                />
                <circle
                  cx="12"
                  cy="12"
                  fill="none"
                  r="11.25"
                  stroke-miterlimit="10"
                />
              </g>
            </svg>
            <p
              class="chakra-text css-1qf6mdr"
            >
              Wireframes
            </p>
          </a>
        </nav>
      </div>
    </aside>
    <span
      hidden=""
      id="__chakra_env"
    />
  </div>,
  "debug": [Function],
  "findAllByAltText": [Function],
  "findAllByDisplayValue": [Function],
  "findAllByLabelText": [Function],
  "findAllByPlaceholderText": [Function],
  "findAllByRole": [Function],
  "findAllByTestId": [Function],
  "findAllByText": [Function],
  "findAllByTitle": [Function],
  "findByAltText": [Function],
  "findByDisplayValue": [Function],
  "findByLabelText": [Function],
  "findByPlaceholderText": [Function],
  "findByRole": [Function],
  "findByTestId": [Function],
  "findByText": [Function],
  "findByTitle": [Function],
  "getAllByAltText": [Function],
  "getAllByDisplayValue": [Function],
  "getAllByLabelText": [Function],
  "getAllByPlaceholderText": [Function],
  "getAllByRole": [Function],
  "getAllByTestId": [Function],
  "getAllByText": [Function],
  "getAllByTitle": [Function],
  "getByAltText": [Function],
  "getByDisplayValue": [Function],
  "getByLabelText": [Function],
  "getByPlaceholderText": [Function],
  "getByRole": [Function],
  "getByTestId": [Function],
  "getByText": [Function],
  "getByTitle": [Function],
  "queryAllByAltText": [Function],
  "queryAllByDisplayValue": [Function],
  "queryAllByLabelText": [Function],
  "queryAllByPlaceholderText": [Function],
  "queryAllByRole": [Function],
  "queryAllByTestId": [Function],
  "queryAllByText": [Function],
  "queryAllByTitle": [Function],
  "queryByAltText": [Function],
  "queryByDisplayValue": [Function],
  "queryByLabelText": [Function],
  "queryByPlaceholderText": [Function],
  "queryByRole": [Function],
  "queryByTestId": [Function],
  "queryByText": [Function],
  "queryByTitle": [Function],
  "rerender": [Function],
  "unmount": [Function],
}
`;
