// Jest Snapshot v1, https://goo.gl/fbAQLP

exports[`TaskCard component matchs snapshoot 1`] = `
{
  "asFragment": [Function],
  "baseElement": <body
    class="chakra-ui-light"
  >
    <div>
      <article
        class="css-rrhuv3"
      >
        <div
          class="css-gg4vpm"
        >
          <span
            class="chakra-badge css-1uudyz1"
          >
            High
          </span>
          <button
            aria-controls="menu-list-:r9:"
            aria-expanded="false"
            aria-haspopup="menu"
            class="chakra-button chakra-menu__menu-button css-7hwhqr"
            id="menu-button-:r9:"
            type="button"
          >
            <span
              class="css-xl71ch"
            />
            <span
              class="chakra-button__icon css-1hzyiq5"
            >
              <svg
                aria-hidden="true"
                class="chakra-icon css-1uwb1nc"
                focusable="false"
                viewBox="0 0 24 24"
              >
                <g
                  stroke="currentColor"
                  stroke-width="1.5"
                >
                  <path
                    d="M9,9a3,3,0,1,1,4,2.829,1.5,1.5,0,0,0-1,1.415V14.25"
                    fill="none"
                    stroke-linecap="round"
                  />
                  <path
                    d="M12,17.25a.375.375,0,1,0,.375.375A.375.375,0,0,0,12,17.25h0"
                    fill="currentColor"
                    stroke-linecap="round"
                  />
                  <circle
                    cx="12"
                    cy="12"
                    fill="none"
                    r="11.25"
                    stroke-miterlimit="10"
                  />
                </g>
              </svg>
            </span>
          </button>
          <div
            class="css-r6z5ec"
            style="visibility: hidden; position: absolute; min-width: max-content; inset: 0 auto auto 0;"
          >
            <div
              aria-orientation="vertical"
              class="chakra-menu__menu-list css-1kfu8nn"
              id="menu-list-:r9:"
              role="menu"
              style="transform-origin: var(--popper-transform-origin); opacity: 0; visibility: hidden; transform: scale(0.8) translateZ(0);"
              tabindex="-1"
            >
              <button
                class="chakra-menu__menuitem css-10veg7l"
                data-index="0"
                id="menu-list-:r9:-menuitem-:ra:"
                role="menuitem"
                tabindex="-1"
                type="button"
              >
                To Do
              </button>
              <button
                class="chakra-menu__menuitem css-10veg7l"
                data-index="1"
                id="menu-list-:r9:-menuitem-:rb:"
                role="menuitem"
                tabindex="-1"
                type="button"
              >
                On Progress
              </button>
              <button
                class="chakra-menu__menuitem css-10veg7l"
                data-index="2"
                id="menu-list-:r9:-menuitem-:rc:"
                role="menuitem"
                tabindex="-1"
                type="button"
              >
                Done
              </button>
            </div>
          </div>
        </div>
        <div
          class="css-0"
          data-testid="task-01"
        >
          <h2
            class="chakra-heading css-11ngthj"
          >
            Sample Task
          </h2>
          <img
            alt="background task"
            class="chakra-image css-1rrnj2v"
            src="https://res.cloudinary.com/de2x8dwvf/image/upload/v1695227531/test_y38vvw.webp"
          />
          <p
            class="chakra-text css-12d129f"
          >
            Sample description for the task
          </p>
          <div
            class="css-1k51jcu"
          >
            <div
              class="chakra-avatar__group css-1rs5v3u"
              role="group"
            >
              <span
                class="chakra-avatar css-106sop3"
              >
                <svg
                  aria-label=" avatar"
                  class="chakra-avatar__svg css-16ite8i"
                  role="img"
                  viewBox="0 0 128 128"
                >
                  <path
                    d="M103,102.1388 C93.094,111.92 79.3504,118 64.1638,118 C48.8056,118 34.9294,111.768 25,101.7892 L25,95.2 C25,86.8096 31.981,80 40.6,80 L87.4,80 C96.019,80 103,86.8096 103,95.2 L103,102.1388 Z"
                    fill="currentColor"
                  />
                  <path
                    d="M63.9961647,24 C51.2938136,24 41,34.2938136 41,46.9961647 C41,59.7061864 51.2938136,70 63.9961647,70 C76.6985159,70 87,59.7061864 87,46.9961647 C87,34.2938136 76.6985159,24 63.9961647,24"
                    fill="currentColor"
                  />
                </svg>
              </span>
              <span
                class="chakra-avatar css-rawe7k"
              >
                <svg
                  aria-label=" avatar"
                  class="chakra-avatar__svg css-16ite8i"
                  role="img"
                  viewBox="0 0 128 128"
                >
                  <path
                    d="M103,102.1388 C93.094,111.92 79.3504,118 64.1638,118 C48.8056,118 34.9294,111.768 25,101.7892 L25,95.2 C25,86.8096 31.981,80 40.6,80 L87.4,80 C96.019,80 103,86.8096 103,95.2 L103,102.1388 Z"
                    fill="currentColor"
                  />
                  <path
                    d="M63.9961647,24 C51.2938136,24 41,34.2938136 41,46.9961647 C41,59.7061864 51.2938136,70 63.9961647,70 C76.6985159,70 87,59.7061864 87,46.9961647 C87,34.2938136 76.6985159,24 63.9961647,24"
                    fill="currentColor"
                  />
                </svg>
              </span>
              <span
                class="chakra-avatar css-rawe7k"
              >
                <svg
                  aria-label=" avatar"
                  class="chakra-avatar__svg css-16ite8i"
                  role="img"
                  viewBox="0 0 128 128"
                >
                  <path
                    d="M103,102.1388 C93.094,111.92 79.3504,118 64.1638,118 C48.8056,118 34.9294,111.768 25,101.7892 L25,95.2 C25,86.8096 31.981,80 40.6,80 L87.4,80 C96.019,80 103,86.8096 103,95.2 L103,102.1388 Z"
                    fill="currentColor"
                  />
                  <path
                    d="M63.9961647,24 C51.2938136,24 41,34.2938136 41,46.9961647 C41,59.7061864 51.2938136,70 63.9961647,70 C76.6985159,70 87,59.7061864 87,46.9961647 C87,34.2938136 76.6985159,24 63.9961647,24"
                    fill="currentColor"
                  />
                </svg>
              </span>
            </div>
            <div
              class="css-1vakbk4"
            >
              <div
                class="css-k008qs"
              >
                <svg
                  class="chakra-icon css-1uwb1nc"
                  focusable="false"
                  viewBox="0 0 24 24"
                >
                  <g
                    stroke="currentColor"
                    stroke-width="1.5"
                  >
                    <path
                      d="M9,9a3,3,0,1,1,4,2.829,1.5,1.5,0,0,0-1,1.415V14.25"
                      fill="none"
                      stroke-linecap="round"
                    />
                    <path
                      d="M12,17.25a.375.375,0,1,0,.375.375A.375.375,0,0,0,12,17.25h0"
                      fill="currentColor"
                      stroke-linecap="round"
                    />
                    <circle
                      cx="12"
                      cy="12"
                      fill="none"
                      r="11.25"
                      stroke-miterlimit="10"
                    />
                  </g>
                </svg>
                <p
                  class="chakra-text css-1qt1967"
                >
                  20 comments
                </p>
              </div>
              <div
                class="css-k008qs"
              >
                <svg
                  class="chakra-icon css-1uwb1nc"
                  focusable="false"
                  viewBox="0 0 24 24"
                >
                  <g
                    stroke="currentColor"
                    stroke-width="1.5"
                  >
                    <path
                      d="M9,9a3,3,0,1,1,4,2.829,1.5,1.5,0,0,0-1,1.415V14.25"
                      fill="none"
                      stroke-linecap="round"
                    />
                    <path
                      d="M12,17.25a.375.375,0,1,0,.375.375A.375.375,0,0,0,12,17.25h0"
                      fill="currentColor"
                      stroke-linecap="round"
                    />
                    <circle
                      cx="12"
                      cy="12"
                      fill="none"
                      r="11.25"
                      stroke-miterlimit="10"
                    />
                  </g>
                </svg>
                <p
                  class="chakra-text css-1qt1967"
                >
                  15 files
                </p>
              </div>
            </div>
          </div>
        </div>
      </article>
      <span
        hidden=""
        id="__chakra_env"
      />
    </div>
    <div
      class="chakra-portal"
    >
      <div
        aria-label="Notifications-top"
        aria-live="polite"
        id="chakra-toast-manager-top"
        role="region"
        style="position: fixed; z-index: var(--toast-z-index, 5500); pointer-events: none; display: flex; flex-direction: column; margin: 0px auto;"
      />
      <div
        aria-label="Notifications-top-left"
        aria-live="polite"
        id="chakra-toast-manager-top-left"
        role="region"
        style="position: fixed; z-index: var(--toast-z-index, 5500); pointer-events: none; display: flex; flex-direction: column;"
      />
      <div
        aria-label="Notifications-top-right"
        aria-live="polite"
        id="chakra-toast-manager-top-right"
        role="region"
        style="position: fixed; z-index: var(--toast-z-index, 5500); pointer-events: none; display: flex; flex-direction: column;"
      />
      <div
        aria-label="Notifications-bottom-left"
        aria-live="polite"
        id="chakra-toast-manager-bottom-left"
        role="region"
        style="position: fixed; z-index: var(--toast-z-index, 5500); pointer-events: none; display: flex; flex-direction: column;"
      />
      <div
        aria-label="Notifications-bottom"
        aria-live="polite"
        id="chakra-toast-manager-bottom"
        role="region"
        style="position: fixed; z-index: var(--toast-z-index, 5500); pointer-events: none; display: flex; flex-direction: column; margin: 0px auto;"
      />
      <div
        aria-label="Notifications-bottom-right"
        aria-live="polite"
        id="chakra-toast-manager-bottom-right"
        role="region"
        style="position: fixed; z-index: var(--toast-z-index, 5500); pointer-events: none; display: flex; flex-direction: column;"
      />
    </div>
  </body>,
  "container": <div>
    <article
      class="css-rrhuv3"
    >
      <div
        class="css-gg4vpm"
      >
        <span
          class="chakra-badge css-1uudyz1"
        >
          High
        </span>
        <button
          aria-controls="menu-list-:r9:"
          aria-expanded="false"
          aria-haspopup="menu"
          class="chakra-button chakra-menu__menu-button css-7hwhqr"
          id="menu-button-:r9:"
          type="button"
        >
          <span
            class="css-xl71ch"
          />
          <span
            class="chakra-button__icon css-1hzyiq5"
          >
            <svg
              aria-hidden="true"
              class="chakra-icon css-1uwb1nc"
              focusable="false"
              viewBox="0 0 24 24"
            >
              <g
                stroke="currentColor"
                stroke-width="1.5"
              >
                <path
                  d="M9,9a3,3,0,1,1,4,2.829,1.5,1.5,0,0,0-1,1.415V14.25"
                  fill="none"
                  stroke-linecap="round"
                />
                <path
                  d="M12,17.25a.375.375,0,1,0,.375.375A.375.375,0,0,0,12,17.25h0"
                  fill="currentColor"
                  stroke-linecap="round"
                />
                <circle
                  cx="12"
                  cy="12"
                  fill="none"
                  r="11.25"
                  stroke-miterlimit="10"
                />
              </g>
            </svg>
          </span>
        </button>
        <div
          class="css-r6z5ec"
          style="visibility: hidden; position: absolute; min-width: max-content; inset: 0 auto auto 0;"
        >
          <div
            aria-orientation="vertical"
            class="chakra-menu__menu-list css-1kfu8nn"
            id="menu-list-:r9:"
            role="menu"
            style="transform-origin: var(--popper-transform-origin); opacity: 0; visibility: hidden; transform: scale(0.8) translateZ(0);"
            tabindex="-1"
          >
            <button
              class="chakra-menu__menuitem css-10veg7l"
              data-index="0"
              id="menu-list-:r9:-menuitem-:ra:"
              role="menuitem"
              tabindex="-1"
              type="button"
            >
              To Do
            </button>
            <button
              class="chakra-menu__menuitem css-10veg7l"
              data-index="1"
              id="menu-list-:r9:-menuitem-:rb:"
              role="menuitem"
              tabindex="-1"
              type="button"
            >
              On Progress
            </button>
            <button
              class="chakra-menu__menuitem css-10veg7l"
              data-index="2"
              id="menu-list-:r9:-menuitem-:rc:"
              role="menuitem"
              tabindex="-1"
              type="button"
            >
              Done
            </button>
          </div>
        </div>
      </div>
      <div
        class="css-0"
        data-testid="task-01"
      >
        <h2
          class="chakra-heading css-11ngthj"
        >
          Sample Task
        </h2>
        <img
          alt="background task"
          class="chakra-image css-1rrnj2v"
          src="https://res.cloudinary.com/de2x8dwvf/image/upload/v1695227531/test_y38vvw.webp"
        />
        <p
          class="chakra-text css-12d129f"
        >
          Sample description for the task
        </p>
        <div
          class="css-1k51jcu"
        >
          <div
            class="chakra-avatar__group css-1rs5v3u"
            role="group"
          >
            <span
              class="chakra-avatar css-106sop3"
            >
              <svg
                aria-label=" avatar"
                class="chakra-avatar__svg css-16ite8i"
                role="img"
                viewBox="0 0 128 128"
              >
                <path
                  d="M103,102.1388 C93.094,111.92 79.3504,118 64.1638,118 C48.8056,118 34.9294,111.768 25,101.7892 L25,95.2 C25,86.8096 31.981,80 40.6,80 L87.4,80 C96.019,80 103,86.8096 103,95.2 L103,102.1388 Z"
                  fill="currentColor"
                />
                <path
                  d="M63.9961647,24 C51.2938136,24 41,34.2938136 41,46.9961647 C41,59.7061864 51.2938136,70 63.9961647,70 C76.6985159,70 87,59.7061864 87,46.9961647 C87,34.2938136 76.6985159,24 63.9961647,24"
                  fill="currentColor"
                />
              </svg>
            </span>
            <span
              class="chakra-avatar css-rawe7k"
            >
              <svg
                aria-label=" avatar"
                class="chakra-avatar__svg css-16ite8i"
                role="img"
                viewBox="0 0 128 128"
              >
                <path
                  d="M103,102.1388 C93.094,111.92 79.3504,118 64.1638,118 C48.8056,118 34.9294,111.768 25,101.7892 L25,95.2 C25,86.8096 31.981,80 40.6,80 L87.4,80 C96.019,80 103,86.8096 103,95.2 L103,102.1388 Z"
                  fill="currentColor"
                />
                <path
                  d="M63.9961647,24 C51.2938136,24 41,34.2938136 41,46.9961647 C41,59.7061864 51.2938136,70 63.9961647,70 C76.6985159,70 87,59.7061864 87,46.9961647 C87,34.2938136 76.6985159,24 63.9961647,24"
                  fill="currentColor"
                />
              </svg>
            </span>
            <span
              class="chakra-avatar css-rawe7k"
            >
              <svg
                aria-label=" avatar"
                class="chakra-avatar__svg css-16ite8i"
                role="img"
                viewBox="0 0 128 128"
              >
                <path
                  d="M103,102.1388 C93.094,111.92 79.3504,118 64.1638,118 C48.8056,118 34.9294,111.768 25,101.7892 L25,95.2 C25,86.8096 31.981,80 40.6,80 L87.4,80 C96.019,80 103,86.8096 103,95.2 L103,102.1388 Z"
                  fill="currentColor"
                />
                <path
                  d="M63.9961647,24 C51.2938136,24 41,34.2938136 41,46.9961647 C41,59.7061864 51.2938136,70 63.9961647,70 C76.6985159,70 87,59.7061864 87,46.9961647 C87,34.2938136 76.6985159,24 63.9961647,24"
                  fill="currentColor"
                />
              </svg>
            </span>
          </div>
          <div
            class="css-1vakbk4"
          >
            <div
              class="css-k008qs"
            >
              <svg
                class="chakra-icon css-1uwb1nc"
                focusable="false"
                viewBox="0 0 24 24"
              >
                <g
                  stroke="currentColor"
                  stroke-width="1.5"
                >
                  <path
                    d="M9,9a3,3,0,1,1,4,2.829,1.5,1.5,0,0,0-1,1.415V14.25"
                    fill="none"
                    stroke-linecap="round"
                  />
                  <path
                    d="M12,17.25a.375.375,0,1,0,.375.375A.375.375,0,0,0,12,17.25h0"
                    fill="currentColor"
                    stroke-linecap="round"
                  />
                  <circle
                    cx="12"
                    cy="12"
                    fill="none"
                    r="11.25"
                    stroke-miterlimit="10"
                  />
                </g>
              </svg>
              <p
                class="chakra-text css-1qt1967"
              >
                20 comments
              </p>
            </div>
            <div
              class="css-k008qs"
            >
              <svg
                class="chakra-icon css-1uwb1nc"
                focusable="false"
                viewBox="0 0 24 24"
              >
                <g
                  stroke="currentColor"
                  stroke-width="1.5"
                >
                  <path
                    d="M9,9a3,3,0,1,1,4,2.829,1.5,1.5,0,0,0-1,1.415V14.25"
                    fill="none"
                    stroke-linecap="round"
                  />
                  <path
                    d="M12,17.25a.375.375,0,1,0,.375.375A.375.375,0,0,0,12,17.25h0"
                    fill="currentColor"
                    stroke-linecap="round"
                  />
                  <circle
                    cx="12"
                    cy="12"
                    fill="none"
                    r="11.25"
                    stroke-miterlimit="10"
                  />
                </g>
              </svg>
              <p
                class="chakra-text css-1qt1967"
              >
                15 files
              </p>
            </div>
          </div>
        </div>
      </div>
    </article>
    <span
      hidden=""
      id="__chakra_env"
    />
  </div>,
  "debug": [Function],
  "findAllByAltText": [Function],
  "findAllByDisplayValue": [Function],
  "findAllByLabelText": [Function],
  "findAllByPlaceholderText": [Function],
  "findAllByRole": [Function],
  "findAllByTestId": [Function],
  "findAllByText": [Function],
  "findAllByTitle": [Function],
  "findByAltText": [Function],
  "findByDisplayValue": [Function],
  "findByLabelText": [Function],
  "findByPlaceholderText": [Function],
  "findByRole": [Function],
  "findByTestId": [Function],
  "findByText": [Function],
  "findByTitle": [Function],
  "getAllByAltText": [Function],
  "getAllByDisplayValue": [Function],
  "getAllByLabelText": [Function],
  "getAllByPlaceholderText": [Function],
  "getAllByRole": [Function],
  "getAllByTestId": [Function],
  "getAllByText": [Function],
  "getAllByTitle": [Function],
  "getByAltText": [Function],
  "getByDisplayValue": [Function],
  "getByLabelText": [Function],
  "getByPlaceholderText": [Function],
  "getByRole": [Function],
  "getByTestId": [Function],
  "getByText": [Function],
  "getByTitle": [Function],
  "queryAllByAltText": [Function],
  "queryAllByDisplayValue": [Function],
  "queryAllByLabelText": [Function],
  "queryAllByPlaceholderText": [Function],
  "queryAllByRole": [Function],
  "queryAllByTestId": [Function],
  "queryAllByText": [Function],
  "queryAllByTitle": [Function],
  "queryByAltText": [Function],
  "queryByDisplayValue": [Function],
  "queryByLabelText": [Function],
  "queryByPlaceholderText": [Function],
  "queryByRole": [Function],
  "queryByTestId": [Function],
  "queryByText": [Function],
  "queryByTitle": [Function],
  "rerender": [Function],
  "unmount": [Function],
}
`;
